// Jest Snapshot v1, https://goo.gl/fbAQLP

exports[`App should render all elements 1`] = `
<input
  id=""
  name=""
  placeholder="Type something..."
  type="text"
/>
`;
